Flutter crash report.
Please report a bug at https://github.com/flutter/flutter/issues.

## command

flutter run -d chrome

## exception

PathAccessException: PathAccessException: Deletion failed, path = 'C:\Users\RUNNER~1\AppData\Local\Temp\2\flutter_tools.14619526\flutter_tool.22b1b7be' (OS Error: The process cannot access the file because it is being used by another process, errno = 32)

```
#0      _Directory._deleteSync (dart:io/directory_impl.dart:216:7)
#1      FileSystemEntity.deleteSync (dart:io/file_system_entity.dart:425:7)
#2      ForwardingFileSystemEntity.deleteSync (package:file/src/forwarding/forwarding_file_system_entity.dart:70:16)
#3      ErrorHandlingDirectory.deleteSync.<anonymous closure> (package:flutter_tools/src/base/error_handling_io.dart:451:22)
#4      _runSync (package:flutter_tools/src/base/error_handling_io.dart:552:14)
#5      ErrorHandlingDirectory.deleteSync (package:flutter_tools/src/base/error_handling_io.dart:450:12)
#6      ResidentRunner.preExit (package:flutter_tools/src/resident_runner.dart:1435:25)
#7      ResidentRunner.exit (package:flutter_tools/src/resident_runner.dart:1278:11)
<asynchronous suspension>
#8      TerminalHandler._commonTerminalInputHandler (package:flutter_tools/src/resident_runner.dart:1830:9)
<asynchronous suspension>
#9      TerminalHandler.processTerminalInput (package:flutter_tools/src/resident_runner.dart:1906:7)
<asynchronous suspension>
```

## flutter doctor

```
[32m[✓][39m Flutter (Channel stable, 3.41.9, on Microsoft Windows [Version
    10.0.26100.32690], locale en-US) [789ms]
    [32m•[39m Flutter version 3.41.9 on channel stable at
      c:\Users\runneradmin\Downloads\flutter
    [32m•[39m Upstream repository https://github.com/flutter/flutter.git
    [32m•[39m Framework revision 00b0c91f06 (8 days ago), 2026-04-29 10:03:19 -0700
    [32m•[39m Engine revision 42d3d75a56
    [32m•[39m Dart version 3.11.5
    [32m•[39m DevTools version 2.54.2
    [32m•[39m Feature flags: enable-web, enable-linux-desktop, enable-macos-desktop,
      enable-windows-desktop, enable-android, enable-ios, cli-animations,
      enable-native-assets, omit-legacy-version-file, enable-lldb-debugging,
      enable-uiscene-migration

[32m[✓][39m Windows Version (Windows 11 or higher, 24H2, 2009) [3.7s]

[32m[✓][39m Android toolchain - develop for Android devices (Android SDK version 37.0.0)
    [6.4s]
    [32m•[39m Android SDK at C:\Android\android-sdk
    [32m•[39m Emulator version 36.5.11.0 (build_id 15261927) (CL:N/A)
    [32m•[39m Platform android-37.0, build-tools 37.0.0
    [32m•[39m ANDROID_HOME = C:\Android\android-sdk
    [32m•[39m ANDROID_SDK_ROOT = C:\Android\android-sdk
    [32m•[39m Java binary at:
      C:\hostedtoolcache\windows\Java_Temurin-Hotspot_jdk\17.0.18-8\x64\bin\java
      This JDK is specified by the JAVA_HOME environment variable.
      To manually set the JDK path, use: `flutter config --jdk-dir="path/to/jdk"`.
    [32m•[39m Java version OpenJDK Runtime Environment Temurin-17.0.18+8 (build 17.0.18+8)
    [32m•[39m All Android licenses accepted.

[32m[✓][39m Chrome - develop for the web [352ms]
    [32m•[39m Chrome at C:\Program Files\Google\Chrome\Application\chrome.exe

[32m[✓][39m Visual Studio - develop Windows apps (Visual Studio Enterprise 2022 17.14.31
    (April 2026)) [350ms]
    [32m•[39m Visual Studio at C:\Program Files\Microsoft Visual Studio\2022\Enterprise
    [32m•[39m Visual Studio Enterprise 2022 version 17.14.37216.2
    [32m•[39m Windows 10 SDK version 10.0.26100.0

[32m[✓][39m Connected device (3 available) [464ms]
    [32m•[39m Windows (desktop) • windows • windows-x64    • Microsoft Windows [Version
      10.0.26100.32690]
    [32m•[39m Chrome (web)      • chrome  • web-javascript • Google Chrome 147.0.7727.117
    [32m•[39m Edge (web)        • edge    • web-javascript • Microsoft Edge 147.0.3912.86

[32m[✓][39m Network resources [348ms]
    [32m•[39m All expected network resources are available.

[32m•[39m No issues found!
```
